// Jest Snapshot v1, https://goo.gl/fbAQLP

exports[`TableWrapper Tests render 1`] = `
<div
  className="table-wrapper"
>
  ChildrenNode
</div>
`;
